<testsuites id="" name="" tests="2" failures="0" skipped="0" errors="0" time="2.447451">
<testsuite name="put.spec.ts" timestamp="2025-04-15T11:35:49.282Z" hostname="chromium" tests="2" failures="0" skipped="0" time="2.298" errors="0">
<testcase name="api testing put request" classname="put.spec.ts" time="1.154">
<system-out>
<![CDATA[{
  firstname: [32m'Vasu'[39m,
  lastname: [32m'Vashisht'[39m,
  totalprice: [33m999[39m,
  depositpaid: [33mtrue[39m,
  bookingdates: { checkin: [32m'2018-01-01'[39m, checkout: [32m'2019-01-01'[39m },
  additionalneeds: [32m'Breakfast'[39m
}
]]>
</system-out>
<system-err>
<![CDATA[
Warning: attachment put-api-testing-put-request-chromium\trace.zip is missing]]>
</system-err>
</testcase>
<testcase name="api get request to verify data" classname="put.spec.ts" time="1.144">
<system-out>
<![CDATA[{
  firstname: [32m'Vasu'[39m,
  lastname: [32m'Vashisht'[39m,
  totalprice: [33m999[39m,
  depositpaid: [33mtrue[39m,
  bookingdates: { checkin: [32m'2018-01-01'[39m, checkout: [32m'2019-01-01'[39m },
  additionalneeds: [32m'Breakfast'[39m
}
]]>
</system-out>
<system-err>
<![CDATA[
Warning: attachment put-api-get-request-to-verify-data-chromium\trace.zip is missing]]>
</system-err>
</testcase>
</testsuite>
</testsuites>